// Jest Snapshot v1, https://goo.gl/fbAQLP

exports[`Test SearchForm component snapshot Renders the SearchForm component 1`] = `
<searchForm
  store={
    Object {
      "clearActions": [Function],
      "dispatch": [Function],
      "getActions": [Function],
      "getState": [Function],
      "replaceReducer": [Function],
      "subscribe": [Function],
    }
  }
/>
`;
